SMB   MS17-010  445   179.189.84.56   Leandro Moreira Abdalia (186)
RDP		BlueKeep	2442  179.189.87.239  Silvio Sussumo Nishikaw (TriS)                           (Windows version: 6.1.7601) (Requires NLA: No)
RDP		BlueKeep	2442  179.189.86.237  Jose Ferraz do Valle Filho (Zé do Vale)                  (Windows version: 6.1.7601) (Requires NLA: No)
RDP		BlueKeep 	2442  179.189.84.249  Victor Marcio da Silva e outro(s) (Grupo Fenix)          (Windows version: 6.1.7601) (Requires NLA: No)
RDP		BlueKeep  2442  179.189.84.159  TR Tecnologia Ltda (Treicon 405)                         (Windows version: 6.1.7601) (Requires NLA: No)
RDP		BlueKeep	2442  179.189.84.135  Supermercado Gominas Ltda                                (Windows version: 6.1.7601) (Requires NLA: No)
RDP		BlueKeep	2442  179.189.86.101  Seiji Eduardo Sekita                                     (Windows version: 6.1.7601) (Requires NLA: No)
RDP		BlueKeep  2442  179.189.86.104  elcioescritorio725fsg (Gold Telecom)                     (Windows version: 6.1.7601) (Requires NLA: No)
RDP		BlueKeep	2442  179.189.86.19   Marshmallow Store (233)                                  (Windows version: 6.1.7601) (Requires NLA: No)
RDP		BlueKeep	2442  179.189.86.107  Willian Quirino da Silva e outros                        (Windows version: 6.0.6001) (Requires NLA: No)
RDP		BlueKeep	2442  179.189.86.28   Dezio Auto Peças (Guarda)                                (Windows version: 6.1.7601) (Requires NLA: No)
RDP		BlueKeep	2442  179.189.95.180  Mauricio Soares	São Gotardo (Stilus Motel)               (Windows version: 6.1.7601) (Requires NLA: No)
                                      Shater Consultoria e Representaçoes (274)
RDP		BlueKeep	3389  179.189.86.14   Ermaq Ind. e Com. de Maquinas Agrícolas Ltda (235)
RDP		BlueKeep	2442  179.189.84.31   Arlindo Auto Peças Ltda - EPP (1066)                     (Windows version: 6.1.7601) (Requires NLA: No)
RDP		BlueKeep	3389  179.189.84.39   Supermercado São Vicente Ltda
